[2026-07-18T04:38:30.321Z] GET /api/dashboard/stats - Status: 401 - Client Error: Not authorized, user not found - Body: {}
[2026-07-18T04:38:30.329Z] GET /api/transport/dashboard - Status: 401 - Client Error: Not authorized, user not found - Body: {}
[2026-07-18T04:38:30.338Z] GET /api/transport/dashboard - Status: 401 - Client Error: Not authorized, user not found - Body: {}
[2026-07-18T04:38:30.342Z] GET /api/dashboard/stats - Status: 401 - Client Error: Not authorized, user not found - Body: {}
[2026-07-18T04:45:20.853Z] GET /api/fees/report - Status: 403 - Client Error: Forbidden: Your role 'accounts' is not authorized to access this resource - Body: {}
[2026-07-18T04:45:20.863Z] GET /api/fees?page=1&limit=10 - Status: 403 - Client Error: Forbidden: Your role 'accounts' is not authorized to access this resource - Body: {}
[2026-07-18T05:06:34.104Z] POST /api/auth/login - Status: 401 - Client Error: Invalid credentials - Body: {"email":"alumni.coordinator@college.com","password":"password123"}
[2026-07-18T05:17:18.265Z] POST /api/auth/login - Status: 401 - Client Error: Invalid credentials - Body: {"email":"alumni.coordinator@college.com","password":"password123"}
[2026-07-18T05:17:43.106Z] POST /api/auth/login - Status: 401 - Client Error: Invalid credentials - Body: {"email":"alumni.coordinator@college.com","password":"password123"}
[2026-07-18T05:50:27.616Z] POST /api/auth/login - Status: 401 - Client Error: Invalid credentials - Body: {"email":"alumni.coordinator@college.com","password":"password123"}
[2026-07-18T05:51:42.589Z] POST /api/auth/login - Status: 401 - Client Error: Invalid credentials - Body: {"email":"alumni.coordinator@college.com","password":"password123"}
[2026-07-18T05:52:32.742Z] GET /favicon.ico - Status: 404 - Client Error: Not Found - /favicon.ico - Body: {}
[2026-07-18T05:57:41.572Z] POST /api/auth/login - Status: 401 - Client Error: Invalid credentials - Body: {"email":"alumni.coordinator@college.com","password":"password123"}
[2026-07-18T05:58:03.795Z] POST /api/auth/login - Status: 401 - Client Error: Invalid credentials - Body: {"email":"alumni.coordinator@college.com","password":"password123"}
[2026-07-18T05:58:30.049Z] POST /api/auth/login - Status: 401 - Client Error: Invalid credentials - Body: {"email":"alumni.coordinator@college.com","password":"password123"}
[2026-07-18T07:27:20.520Z] GET /api/auth/me - Status: 401 - Client Error: Not authorized, user not found - Body: {}
[2026-07-18T08:46:34.648Z] GET /api/auth/me - Status: 401 - Client Error: Not authorized, user not found - Body: {}
[2026-07-18T08:47:52.740Z] GET /api/auth/me - Status: 401 - Client Error: Not authorized, user not found - Body: {}
[2026-07-18T08:47:52.744Z] GET /api/auth/me - Status: 401 - Client Error: Not authorized, user not found - Body: {}
[2026-07-18T08:54:01.455Z] GET /api/auth/me - Status: 401 - Client Error: Not authorized, user not found - Body: {}
[2026-07-18T08:55:51.805Z] GET /api/auth/me - Status: 401 - Client Error: Not authorized, user not found - Body: {}
[2026-07-18T09:03:17.134Z] GET /api/auth/me - Status: 401 - Client Error: Not authorized, user not found - Body: {}
[2026-07-18T09:08:05.424Z] GET /api/auth/me - Status: 401 - Client Error: Not authorized, user not found - Body: {}
[2026-07-18T09:19:37.832Z] GET /api/auth/me - Status: 401 - Client Error: Not authorized, user not found - Body: {}
[2026-07-18T09:27:15.943Z] GET /api/auth/me - Status: 401 - Client Error: Not authorized, user not found - Body: {}
[2026-07-18T09:27:15.950Z] GET /api/auth/me - Status: 401 - Client Error: Not authorized, user not found - Body: {}
[2026-07-18T09:32:36.677Z] POST /api/auth/login - Status: 401 - Client Error: Invalid credentials - Body: {"email":"alumni.cooredinator@college.com","password":"password123"}
[2026-07-18T09:32:55.672Z] GET /api/auth/me - Status: 401 - Client Error: Not authorized, user not found - Body: {}
[2026-07-18T09:50:41.359Z] GET /api/auth/me - Status: 401 - Client Error: Not authorized, user not found - Body: {}
[2026-07-18T09:54:18.833Z] POST /api/auth/login - Status: 401 - Client Error: Invalid credentials - Body: {"email":"alumni.coordinator@college.com","password":"password1232"}
[2026-07-18T09:54:33.948Z] GET /api/auth/me - Status: 401 - Client Error: Not authorized, user not found - Body: {}
[2026-07-18T10:11:15.899Z] GET /api/auth/me - Status: 401 - Client Error: Not authorized, user not found - Body: {}
